// Jest Snapshot v1, https://goo.gl/fbAQLP

exports[`renders meal page 1`] = `
<div
  className="meal"
>
  <img
    alt="Logo"
  />
  <h2 />
</div>
`;
